Renesas Optimizing Linker (W3.03.00 )             15-Nov-2023 13:32:25

*** Options ***

-subcommand=DefaultBuild\RX631_MCR_ver1.0.clnk
-library=DefaultBuild\RX631_MCR_ver1.0.lib
-input=DefaultBuild\dbsct.obj
-input=DefaultBuild\lowsrc.obj
-input=DefaultBuild\resetprg.obj
-input=DefaultBuild\sbrk.obj
-input=DefaultBuild\E2dataFlash.obj
-input=DefaultBuild\hwsetup.obj
-input=DefaultBuild\AQM0802A.obj
-input=DefaultBuild\control.obj
-input=DefaultBuild\main.obj
-input=DefaultBuild\ICM20648.obj
-input=DefaultBuild\memorrytrace.obj
-input=DefaultBuild\microSD.obj
-input=DefaultBuild\sci.obj
-input=DefaultBuild\setup.obj
-input=DefaultBuild\mtu.obj
-input=DefaultBuild\ADconverter.obj
-input=DefaultBuild\io.obj
-input=DefaultBuild\R_PG_Clock.obj
-input=DefaultBuild\R_PG_IO_PORT.obj
-input=DefaultBuild\R_PG_IO_PORT_P0.obj
-input=DefaultBuild\R_PG_IO_PORT_P1.obj
-input=DefaultBuild\R_PG_IO_PORT_P2.obj
-input=DefaultBuild\R_PG_IO_PORT_P3.obj
-input=DefaultBuild\R_PG_IO_PORT_P4.obj
-input=DefaultBuild\R_PG_IO_PORT_P5.obj
-input=DefaultBuild\R_PG_IO_PORT_PA.obj
-input=DefaultBuild\R_PG_IO_PORT_PB.obj
-input=DefaultBuild\R_PG_IO_PORT_PC.obj
-input=DefaultBuild\R_PG_IO_PORT_PD.obj
-input=DefaultBuild\R_PG_IO_PORT_PE.obj
-input=DefaultBuild\R_PG_Timer_MTU_U0_C0.obj
-input=DefaultBuild\R_PG_Timer_MTU_U0_C1.obj
-input=DefaultBuild\R_PG_Timer_MTU_U0_C2.obj
-input=DefaultBuild\R_PG_Timer_MTU_U0_C3.obj
-input=DefaultBuild\R_PG_Timer_MTU_U0_C4.obj
-input=DefaultBuild\R_PG_Timer_MTU_U0.obj
-input=DefaultBuild\R_PG_Timer_CMT_U0.obj
-input=DefaultBuild\R_PG_Timer_CMT_U1.obj
-input=DefaultBuild\R_PG_SCI_C2.obj
-input=DefaultBuild\R_PG_SCI_C5.obj
-input=DefaultBuild\R_PG_SCI_C9.obj
-input=DefaultBuild\R_PG_ADC_12_S12AD0.obj
-input=DefaultBuild\Interrupt_INTC.obj
-input=DefaultBuild\Interrupt_CMT.obj
-input=DefaultBuild\Interrupt_ADC_12.obj
-input=DefaultBuild\R_PG_SCI_C12.obj
-library=C:\Renesas\PDG2\lib\RX63N\RX63N_library_100_little.lib
-noprelink
-output=DefaultBuild\RX631_MCR_ver1.0.abs
-list=DefaultBuild\RX631_MCR_ver1.0.map
-show=symbol,total_size
-nooptimize
-start=B_1,R_1,B_2,R_2,B,R,SU,SI/00000004,PResetPRG/0FFE00000,C_1,C_2,C,C$DSEC,C$BSEC,C$INIT,C$VTBL,C$VECT,D_1,D_2,D,P,PIntPRG,W_1,W_2,W,L/0FFE00100,FIXEDVECT/0FFFFFFD0
-rom=D=R,D_1=R_1,D_2=R_2
-nologo
-end

*** Error information ***

W0561100:Cannot find "PIntPRG" specified in option "start"

*** Mapping List ***

SECTION                            START      END         SIZE   ALIGN
B_1
                                  00000004  000011d8      11d5   1
R_1
                                  000011d9  0000124a        72   1
B_2
                                  0000124c  00001b65       91a   2
R_2
                                  00001b66  00001b7d        18   2
B
                                  00001b80  00003557      19d8   4
R
                                  00003558  0000391f       3c8   4
SU
                                  00003920  00003a1f       100   4
SI
                                  00003a20  00003d1f       300   4
PResetPRG
                                  ffe00000  ffe0003c        3d   1
C_1
                                  ffe00100  ffe00211       112   1
C_2
                                  ffe00212  ffe0041b       20a   2
C
                                  ffe0041c  ffe00573       158   4
C$DSEC
                                  ffe00574  ffe00597        24   4
C$BSEC
                                  ffe00598  ffe005af        18   4
C$INIT
                                  ffe005b0  ffe005b0         0   1
C$VTBL
                                  ffe005b0  ffe005b0         0   1
C$VECT
                                  ffe005b0  ffe009af       400   4
D_1
                                  ffe009b0  ffe00a21        72   1
D_2
                                  ffe00a22  ffe00a39        18   2
D
                                  ffe00a3c  ffe00e03       3c8   4
P
                                  ffe00e04  ffe17437     16634   1
W_1
                                  ffe17438  ffe1745b        24   1
W_2
                                  ffe1745c  ffe1757f       124   2
W
                                  ffe17580  ffe17580         0   4
L
                                  ffe17580  ffe18328       da9   4
$ADDR_C_FFFFFF80
                                  ffffff80  ffffff83         4   1
$ADDR_C_FFFFFFA0
                                  ffffffa0  ffffffaf        10   1
FIXEDVECT
                                  ffffffd0  ffffffff        30   4

*** Total Section Size ***

RAMDATA SECTION:  00003d19 Byte(s)
ROMDATA SECTION:  00001c37 Byte(s)
PROGRAM SECTION:  00016671 Byte(s)

*** Symbol List ***

SECTION=
FILE=                               START        END    SIZE
  SYMBOL                            ADDR        SIZE    INFO      COUNTS  OPT

SECTION=B_1
FILE=DefaultBuild\lowsrc.obj
                                  00000004  00000009         6
  _flmod
                                  00000004         3   data ,g         * 
  _sml_buf
                                  00000007         3   data ,g         * 
FILE=DefaultBuild\AQM0802A.obj
                                  0000000a  00000023        1a
  _buffLcdData
                                  0000000a         8   data ,l         * 
  _buffLcdData2
                                  00000012        12   data ,l         * 
FILE=DefaultBuild\control.obj
                                  00000024  00000040        1d
  _modeSlope
                                  00000024         1   data ,g         * 
  _modeAngle
                                  00000025         1   data ,g         * 
  _modePushcart
                                  00000026         1   data ,g         * 
  _msdset
                                  00000027         1   data ,g         * 
  _ServoPwm
                                  00000028         1   data ,g         * 
  _DevBefore
                                  00000029         1   data ,g         * 
  _ServoPwm2
                                  0000002a         1   data ,g         * 
  _AngleBefore3
                                  0000002b         1   data ,g         * 
  _motorPwm
                                  0000002c         1   data ,g         * 
  _AccelefBefore
                                  0000002d         1   data ,g         * 
  _demo
                                  0000002e         1   data ,g         * 
  _kp_buff
                                  0000002f         1   data ,g         * 
  _ki_buff
                                  00000030         1   data ,g         * 
  _kd_buff
                                  00000031         1   data ,g         * 
  _kp2_buff
                                  00000032         1   data ,g         * 
  _ki2_buff
                                  00000033         1   data ,g         * 
  _kd2_buff
                                  00000034         1   data ,g         * 
  _kp3_buff
                                  00000035         1   data ,g         * 
  _ki3_buff
                                  00000036         1   data ,g         * 
  _kd3_buff
                                  00000037         1   data ,g         * 
  _kp4_buff
                                  00000038         1   data ,g         * 
  _ki4_buff
                                  00000039         1   data ,g         * 
  _kd4_buff
                                  0000003a         1   data ,g         * 
  _kp3
                                  0000003b         1   data ,g         * 
  _ki3
                                  0000003c         1   data ,g         * 
  _kd3
                                  0000003d         1   data ,g         * 
  _cnt_crossline
                                  0000003e         1   data ,g         * 
  _cnt_rightline
                                  0000003f         1   data ,g         * 
  _cnt_leftline
                                  00000040         1   data ,g         * 
FILE=DefaultBuild\main.obj
                                  00000041  00000045         5
  _modeCurve
                                  00000041         1   data ,g         * 
  _modeError
                                  00000042         1   data ,g         * 
  _modeAutoMotor
                                  00000043         1   data ,g         * 
  _check_line
                                  00000044         1   data ,g         * 
  _Timer10
                                  00000045         1   data ,l         * 
FILE=DefaultBuild\ICM20648.obj
                                  00000046  00000049         4
  _who_am_i
                                  00000046         1   data ,g         * 
  _ret
                                  00000047         1   data ,g         * 
  _imuflag
                                  00000048         1   data ,g         * 
  _caribration
                                  00000049         1   data ,g         * 
FILE=DefaultBuild\memorrytrace.obj
                                  0000004a  00000a0d       9c4
  _comp_char
                                  0000004a       3e8   data ,g         * 
  _flag
                                  00000432       3e8   data ,g         * 
  _cntmpattern
                                  0000081a       1f4   data ,g         * 
FILE=DefaultBuild\microSD.obj
                                  00000a0e  00000e8e       481
  _msdlibBuff
                                  00000a0e       280   data ,l         * 
  _msdlibError
                                  00000c8e         1   data ,g         * 
  _msdBuff
                                  00000c8f       200   data ,g         * 
FILE=DefaultBuild\sci.obj
                                  00000e8f  00001194       306
  _modeSCI1
                                  00000e8f         1   data ,g         * 
  _txtCommand
                                  00000e90        80   data ,g         * 
  _txtData
                                  00000f10        80   data ,g         * 
  _SCI1_Req_mode
                                  00000f90         1   data ,g         * 
  _SCI1_RW_mode
                                  00000f91         1   data ,g         * 
  _SCI1_Slaveaddr
                                  00000f92         1   data ,g         * 
  _SCI1_NumData
                                  00000f93         1   data ,g         * 
  _SCI1_DataBuff
                                  00000f94        ff   data ,g         * 
  _SCI12_Slaveaddr
                                  00001093         1   data ,g         * 
  _SCI12_NumData
                                  00001094         1   data ,g         * 
  _SCI1_NumData2
                                  00001095         1   data ,g         * 
  _SCI12_DataBuff
                                  00001096        ff   data ,g         * 
FILE=DefaultBuild\setup.obj
                                  00001195  000011a0         c
  _start
                                  00001195         1   data ,g         * 
  _setting_1meter
                                  00001196         1   data ,g         * 
  _setting_2meter
                                  00001197         1   data ,g         * 
  _setting_3meter
                                  00001198         1   data ,g         * 
  _str
                                  00001199         8   data ,g         * 
FILE=DefaultBuild\mtu.obj
                                  000011a1  000011a5         5
  _accele_fR
                                  000011a1         1   data ,g         * 
  _accele_fL
                                  000011a2         1   data ,g         * 
  _accele_rR
                                  000011a3         1   data ,g         * 
  _accele_rL
                                  000011a4         1   data ,g         * 
  _sPwm
                                  000011a5         1   data ,g         * 
FILE=DefaultBuild\ADconverter.obj
                                  000011a6  000011b0         b
  _ADTimer10
                                  000011a6         1   data ,l         * 
  _RR_data
                                  000011a7         1   data ,g         * 
  _R_data
                                  000011a8         1   data ,g         * 
  _C_data
                                  000011a9         1   data ,g         * 
  _L_data
                                  000011aa         1   data ,g         * 
  _LL_data
                                  000011ab         1   data ,g         * 
  _RR$1
                                  000011ac         1   data ,l         * 
  _R$2
                                  000011ad         1   data ,l         * 
  _C$3
                                  000011ae         1   data ,l         * 
  _L$4
                                  000011af         1   data ,l         * 
  _LL$5
                                  000011b0         1   data ,l         * 
FILE=DefaultBuild\io.obj
                                  000011b1  000011b9         9
  _dpsw_d
                                  000011b1         4   data ,l         * 
  _tasw_d
                                  000011b5         5   data ,l         * 
FILE=globals_ADC_12
                                  000011ba  000011ba         1
  _rpdl_adcsr_store
                                  000011ba         1   data ,g         * 
FILE=globals_CMT
                                  000011bb  000011be         4
  _rpdl_CMT_one_shot
                                  000011bb         4   data ,g         * 
FILE=globals_INTC
                                  000011bf  000011c0         2
  _rpdl_INTC_brk_command
                                  000011bf         1   data ,g         * 
  _rpdl_INTC_brk_data8
                                  000011c0         1   data ,g         * 
FILE=globals_MTU2
                                  000011c1  000011c1         1
  _rpdl_MTU2_tmdr_copy
                                  000011c1         1   data ,g         * 
FILE=globals_SPI
                                  000011c2  000011cb         a
  _rpdl_SPI_method
                                  000011c2         2   data ,g         * 
  _rpdl_SPI_tx_frame_counter
                                  000011c4         2   data ,g         * 
  _rpdl_SPI_frame_total
                                  000011c6         2   data ,g         * 
  _rpdl_SPI_rx_frame_counter
                                  000011c8         2   data ,g         * 
  _rpdl_SPI_spcr_copy
                                  000011ca         2   data ,g         * 
FILE=globals_TPU
                                  000011cc  000011d1         6
  _rpdl_TPU_tgra_dmac_channel
                                  000011cc         6   data ,g         * 
FILE=globals_ADC_10
                                  000011d2  000011d3         2
  _rpdl_adcsr0_copy
                                  000011d2         1   data ,g         * 
  _rpdl_adcr0_copy
                                  000011d3         1   data ,g         * 
FILE=globals_CGC
                                  000011d4  000011d8         5
  _rpdl_CGC_bckcr_copy
                                  000011d4         5   data ,g         * 

SECTION=R_1
FILE=DefaultBuild\control.obj
                                  000011d9  000011da         2
  _modeLCD
                                  000011d9         1   data ,g         * 
  _IMUSet
                                  000011da         1   data ,g         * 
FILE=DefaultBuild\main.obj
                                  000011db  000011dc         2
  _pattern
                                  000011db         1   data ,g         * 
  _modeMotor
                                  000011dc         1   data ,g         * 
FILE=DefaultBuild\memorrytrace.obj
                                  000011dd  000011de         2
  _mpattern
                                  000011dd         1   data ,g         * 
  _memory_mode
                                  000011de         1   data ,g         * 
FILE=DefaultBuild\microSD.obj
                                  000011df  000011df         1
  _interrupt_msd_send_data
                                  000011df         1   data ,g         * 
FILE=DefaultBuild\sci.obj
                                  000011e0  000011e4         5
  _revErr
                                  000011e0         1   data ,g         * 
  _cmmandMode
                                  000011e1         1   data ,g         * 
  _stopWord
                                  000011e2         1   data ,g         * 
  _command
                                  000011e3         1   data ,g         * 
  _SCI12_Req_mode
                                  000011e4         1   data ,g         * 
FILE=DefaultBuild\setup.obj
                                  000011e5  000011f9        15
  _pushLR
                                  000011e5         1   data ,g         * 
  _pushUD
                                  000011e6         1   data ,g         * 
  _push
                                  000011e7         1   data ,g         * 
  _push1
                                  000011e8         1   data ,g         * 
  _pattern_sensor
                                  000011e9         1   data ,g         * 
  _pattern_parameter
                                  000011ea         1   data ,g         * 
  _pattern_parameter2
                                  000011eb         1   data ,g         * 
  _pattern_parameter3
                                  000011ec         1   data ,g         * 
  _pattern_parameter4
                                  000011ed         1   data ,g         * 
  _pattern_gain
                                  000011ee         1   data ,g         * 
  _pattern_gain2
                                  000011ef         1   data ,g         * 
  _pattern_gain3
                                  000011f0         1   data ,g         * 
  _pattern_speedseting
                                  000011f1         1   data ,g         * 
  _pattern_msd
                                  000011f2         1   data ,g         * 
  _pattern_flash
                                  000011f3         1   data ,g         * 
  _pattern_scanf
                                  000011f4         1   data ,g         * 
  _motor_test
                                  000011f5         1   data ,g         * 
  _servo_test
                                  000011f6         1   data ,g         * 
  _servo_test2
                                  000011f7         1   data ,g         * 
  _fixSpeed
                                  000011f8         1   data ,g         * 
  _motorTestPwm
                                  000011f9         1   data ,g         * 
FILE=xfiles
                                  000011fa  00001249        50
  _ebuf
                                  000011fa        50   data ,l         * 
FILE=xstate
                                  0000124a  0000124a         1
  __Mbcurmax
                                  0000124a         1   data ,g         * 

SECTION=B_2
FILE=DefaultBuild\E2dataFlash.obj
                                  0000124c  000012a7        5c
  _cnt_flash
                                  0000124c         2   data ,g         * 
  _flashDataBuff
                                  0000124e        5a   data ,g         * 
FILE=DefaultBuild\control.obj
                                  000012a8  000012e7        40
  _stopping_meter
                                  000012a8         2   data ,g         * 
  _speed_straight
                                  000012aa         2   data ,g         * 
  _speed_curve_brake
                                  000012ac         2   data ,g         * 
  _speed_curve_r600
                                  000012ae         2   data ,g         * 
  _speed_curve_r450
                                  000012b0         2   data ,g         * 
  _speed_curve_straight
                                  000012b2         2   data ,g         * 
  _speed_crossline
                                  000012b4         2   data ,g         * 
  _speed_ckank_trace
                                  000012b6         2   data ,g         * 
  _speed_rightclank_curve
                                  000012b8         2   data ,g         * 
  _speed_rightclank_escape
                                  000012ba         2   data ,g         * 
  _speed_leftclank_curve
                                  000012bc         2   data ,g         * 
  _speed_leftclank_escape
                                  000012be         2   data ,g         * 
  _speed_halfine
                                  000012c0         2   data ,g         * 
  _speed_rightchange_trace
                                  000012c2         2   data ,g         * 
  _speed_rightchange_curve
                                  000012c4         2   data ,g         * 
  _speed_rightchange_escape
                                  000012c6         2   data ,g         * 
  _speed_leftchange_trace
                                  000012c8         2   data ,g         * 
  _speed_leftchange_curve
                                  000012ca         2   data ,g         * 
  _speed_leftchange_escape
                                  000012cc         2   data ,g         * 
  _speed_slope_brake
                                  000012ce         2   data ,g         * 
  _speed_slope_trace
                                  000012d0         2   data ,g         * 
  _angle_rightclank
                                  000012d2         2   data ,g         * 
  _angle_leftclank
                                  000012d4         2   data ,g         * 
  _angle_rightchange
                                  000012d6         2   data ,g         * 
  _angle_leftchange
                                  000012d8         2   data ,g         * 
  _cntGyro
                                  000012da         2   data ,g         * 
  _SensorBefore
                                  000012dc         2   data ,g         * 
  _SetAngle
                                  000012de         2   data ,g         * 
  _SetAngleBefore
                                  000012e0         2   data ,g         * 
  _AngleBefore2
                                  000012e2         2   data ,g         * 
  _targetSpeed
                                  000012e4         2   data ,g         * 
  _EncoderBefore
                                  000012e6         2   data ,g         * 
FILE=DefaultBuild\main.obj
                                  000012e8  000012ef         8
  _cntOut1
                                  000012e8         2   data ,g         * 
  _cntOut2
                                  000012ea         2   data ,g         * 
  _cntOut3
                                  000012ec         2   data ,g         * 
  _cntOut4
                                  000012ee         2   data ,g         * 
FILE=DefaultBuild\ICM20648.obj
                                  000012f0  000012fb         c
  _xa
                                  000012f0         2   data ,g         * 
  _ya
                                  000012f2         2   data ,g         * 
  _za
                                  000012f4         2   data ,g         * 
  _xg
                                  000012f6         2   data ,g         * 
  _yg
                                  000012f8         2   data ,g         * 
  _zg
                                  000012fa         2   data ,g         * 
FILE=DefaultBuild\memorrytrace.obj
                                  000012fc  00001ae1       7e6
  _comp_short
                                  000012fc       7d0   data ,g         * 
  _cntp
                                  00001acc        14   data ,g         * 
  _cntmpattern2
                                  00001ae0         2   data ,g         * 
FILE=DefaultBuild\microSD.obj
                                  00001ae2  00001ae9         8
  _msdlibMode
                                  00001ae2         2   data ,l         * 
  _msdlibCnt
                                  00001ae4         2   data ,g         * 
  _msdBuffaddress
                                  00001ae6         2   data ,g         * 
  _msdTimer
                                  00001ae8         2   data ,g         * 
FILE=DefaultBuild\setup.obj
                                  00001aea  00001af3         a
  _cntSetup1
                                  00001aea         2   data ,g         * 
  _cntSetup2
                                  00001aec         2   data ,g         * 
  _cntSetup3
                                  00001aee         2   data ,g         * 
  _cntSwitchUD
                                  00001af0         2   data ,g         * 
  _cntSwitchLR
                                  00001af2         2   data ,g         * 
FILE=DefaultBuild\mtu.obj
                                  00001af4  00001afd         a
  _cnt_Encoder
                                  00001af4         2   data ,l         * 
  _encbuff
                                  00001af6         2   data ,l         * 
  _Encoder
                                  00001af8         2   data ,g         * 
  _speed_enc
                                  00001afa         2   data ,g         * 
  _currentSpeed
                                  00001afc         2   data ,g         * 
FILE=DefaultBuild\ADconverter.obj
                                  00001afe  00001b4f        52
  _result
                                  00001afe        1c   data ,l         * 
  _Angle
                                  00001b1a         2   data ,g         * 
  _sensor_saka
                                  00001b1c         2   data ,g         * 
  _sensor_calc
                                  00001b1e        12   data ,g         * 
  _sensorR
                                  00001b30         2   data ,g         * 
  _sensorR_reg
                                  00001b32         2   data ,g         * 
  _sensorR_max
                                  00001b34         2   data ,g         * 
  _sensorR_min
                                  00001b36         2   data ,g         * 
  _sensorL
                                  00001b38         2   data ,g         * 
  _sensorL_reg
                                  00001b3a         2   data ,g         * 
  _sensorL_max
                                  00001b3c         2   data ,g         * 
  _sensorL_min
                                  00001b3e         2   data ,g         * 
  _sensorG
                                  00001b40         2   data ,g         * 
  _sensorC
                                  00001b42         2   data ,g         * 
  _sensorLL
                                  00001b44         2   data ,g         * 
  _sensorRR
                                  00001b46         2   data ,g         * 
  _VoltageC
                                  00001b48         2   data ,g         * 
  _Angle0
                                  00001b4a         2   data ,g         * 
  _iAngle
                                  00001b4c         2   data ,g         * 
  _Angle_buff
                                  00001b4e         2   data ,g         * 
FILE=globals_SPI
                                  00001b50  00001b5b         c
  _rpdl_SPI_sequence_count
                                  00001b50         4   data ,g         * 
  _rpdl_SPI_tx_sequence_counter
                                  00001b54         4   data ,g         * 
  _rpdl_SPI_rx_sequence_counter
                                  00001b58         4   data ,g         * 
FILE=globals_CGC
                                  00001b5c  00001b65         a
  _rpdl_CGC_sckcr2_copy
                                  00001b5c         a   data ,g         * 

SECTION=R_2
FILE=DefaultBuild\control.obj
                                  00001b66  00001b67         2
  _cntStable
                                  00001b66         2   data ,g         * 
FILE=DefaultBuild\ICM20648.obj
                                  00001b68  00001b6d         6
  _offset
                                  00001b68         6   data ,g         * 
FILE=DefaultBuild\microSD.obj
                                  00001b6e  00001b6f         2
  _msdFlag
                                  00001b6e         2   data ,g         * 
FILE=DefaultBuild\sci.obj
                                  00001b70  00001b71         2
  _cntByte
                                  00001b70         2   data ,g         * 
FILE=DefaultBuild\setup.obj
                                  00001b72  00001b73         2
  _cnttest
                                  00001b72         2   data ,g         * 
FILE=DefaultBuild\ADconverter.obj
                                  00001b74  00001b75         2
  _sensorG_th
                                  00001b74         2   data ,g         * 
FILE=utilities_common
                                  00001b76  00001b7d         8
  _rpdl_RWP_PRCR_enable_counter
                                  00001b76         6   data ,l         * 
  _rpdl_MPC_PWPR_enable_counter
                                  00001b7c         2   data ,l         * 

SECTION=B
FILE=DefaultBuild\lowsrc.obj
                                  00001b80  00001b8b         c
  __Files
                                  00001b80         c   data ,g         * 
FILE=DefaultBuild\sbrk.obj
                                  00001b8c  00001f8b       400
  _heap_area
                                  00001b8c       400   data ,l         * 
FILE=DefaultBuild\E2dataFlash.obj
                                  00001f8c  00001f93         8
  _beforeAddr
                                  00001f8c         4   data ,g         * 
  _nowAddr
                                  00001f90         4   data ,g         * 
FILE=DefaultBuild\AQM0802A.obj
                                  00001f94  00001f9f         c
  _lcdBuffPosition
                                  00001f94         4   data ,l         * 
  _lcdNowLocate
                                  00001f98         4   data ,l         * 
  _lcdRefreshFlag
                                  00001f9c         4   data ,l         * 
FILE=DefaultBuild\control.obj
                                  00001fa0  00001ff7        58
  _TurningAngleEnc
                                  00001fa0         8   data ,g         * 
  _PichAngleAD
                                  00001fa8         8   data ,g         * 
  _gyVoltageBefore
                                  00001fb0         8   data ,g         * 
  _Int
                                  00001fb8         8   data ,g         * 
  _Int2
                                  00001fc0         8   data ,g         * 
  _targetSpeedBefore
                                  00001fc8         4   data ,g         * 
  _Int3
                                  00001fcc         8   data ,g         * 
  _r450fin_buff
                                  00001fd4         4   data ,g         * 
  _r450fout_buff
                                  00001fd8         4   data ,g         * 
  _r450rin_buff
                                  00001fdc         4   data ,g         * 
  _r450rout_buff
                                  00001fe0         4   data ,g         * 
  _r600fin_buff
                                  00001fe4         4   data ,g         * 
  _r600fout_buff
                                  00001fe8         4   data ,g         * 
  _r600rin_buff
                                  00001fec         4   data ,g         * 
  _r600rout_buff
                                  00001ff0         4   data ,g         * 
  _line
                                  00001ff4         4   data ,g         * 
FILE=DefaultBuild\main.obj
                                  00001ff8  00002003         c
  _cnt1
                                  00001ff8         4   data ,g         * 
  _correct_angle
                                  00001ffc         4   data ,g         * 
  _Angle_fixed
                                  00002000         4   data ,g         * 
FILE=DefaultBuild\ICM20648.obj
                                  00002004  0000201b        18
  _TurningAngleIMU
                                  00002004         8   data ,g         * 
  _RollAngleIMU
                                  0000200c         8   data ,g         * 
  _PichAngleIMU
                                  00002014         8   data ,g         * 
FILE=DefaultBuild\memorrytrace.obj
                                  0000201c  00002fbb       fa0
  _comp_uint
                                  0000201c       fa0   data ,g         * 
FILE=DefaultBuild\microSD.obj
                                  00002fbc  0000303b        80
  _msdlibWrite
                                  00002fbc         4   data ,l         * 
  _msdSize
                                  00002fc0         4   data ,l         * 
  _msdStartaddress
                                  00002fc4         4   data ,g         * 
  _msdEndaddress
                                  00002fc8         4   data ,g         * 
  _msdWorkaddress
                                  00002fcc         4   data ,g         * 
  _msdWorkaddress2
                                  00002fd0         4   data ,g         * 
  _msdBuffPointa
                                  00002fd4         4   data ,g         * 
  _msdaddrBuff
                                  00002fd8        64   data ,g         * 
FILE=DefaultBuild\sci.obj
                                  0000303c  00003047         c
  _SCI1_DataArry
                                  0000303c         4   data ,g         * 
  _SCI12_DataArry
                                  00003040         4   data ,g         * 
  _SCI1_DataArry2
                                  00003044         4   data ,g         * 
FILE=DefaultBuild\mtu.obj
                                  00003048  00003053         c
  _EncoderTotal
                                  00003048         4   data ,g         * 
  _enc1
                                  0000304c         4   data ,g         * 
  _enc_slope
                                  00003050         4   data ,g         * 
FILE=DefaultBuild\ADconverter.obj
                                  00003054  00003093        40
  _senR
                                  00003054         4   data ,l         * 
  _senL
                                  00003058         4   data ,l         * 
  _senG
                                  0000305c         4   data ,l         * 
  _senC
                                  00003060         4   data ,l         * 
  _senLL
                                  00003064         4   data ,l         * 
  _senRR
                                  00003068         4   data ,l         * 
  _VolC
                                  0000306c         4   data ,l         * 
  _pot
                                  00003070         4   data ,l         * 
  _sen_saka
                                  00003074         4   data ,l         * 
  _RR_tatio
                                  00003078         4   data ,g         * 
  _R_tatio
                                  0000307c         4   data ,g         * 
  _C_tatio
                                  00003080         4   data ,g         * 
  _L_tatio
                                  00003084         4   data ,g         * 
  _LL_tatio
                                  00003088         4   data ,g         * 
  _Voltage
                                  0000308c         8   data ,g         * 
FILE=globals_ADC_12
                                  00003094  00003097         4
  _rpdl_ADC_12_callback_func
                                  00003094         4   data ,g         * 
FILE=globals_CMT
                                  00003098  000030a7        10
  _rpdl_CMT_callback_func
                                  00003098        10   data ,g         * 
FILE=globals_INTC
                                  000030a8  000030ab         4
  _rpdl_INTC_saved_isp
                                  000030a8         4   data ,g         * 
FILE=globals_MTU2
                                  000030ac  0000316b        c0
  _rpdl_MTU2_func1_callback_func
                                  000030ac        18   data ,g         * 
  _rpdl_MTU2_func2_callback_func
                                  000030c4        18   data ,g         * 
  _rpdl_MTU2_func3_callback_func
                                  000030dc        18   data ,g         * 
  _rpdl_MTU2_func4_callback_func
                                  000030f4        18   data ,g         * 
  _rpdl_MTU2_TGRE_callback_func
                                  0000310c        18   data ,g         * 
  _rpdl_MTU2_TGRF_callback_func
                                  00003124        18   data ,g         * 
  _rpdl_MTU2_Overflow_callback_func
                                  0000313c        18   data ,g         * 
  _rpdl_MTU2_Underflow_callback_func
                                  00003154        18   data ,g         * 
FILE=globals_SCI
                                  0000316c  000033db       270
  _sci_global
                                  0000316c       270   data ,g         * 
FILE=globals_SPI
                                  000033dc  000033eb        10
  _rpdl_SPI_tx_ptr
                                  000033dc         8   data ,g         * 
  _rpdl_SPI_rx_ptr
                                  000033e4         8   data ,g         * 
FILE=_errno
                                  000033ec  000033ef         4
  __errno
                                  000033ec         4   data ,g         * 
FILE=globals_ADC_10
                                  000033f0  000033f3         4
  _rpdl_ADC_10_callback_func
                                  000033f0         4   data ,g         * 
FILE=globals_CGC
                                  000033f4  00003557       164
  _rpdl_CGC_f_iclk
                                  000033f4         8   data ,g         * 
  _rpdl_CGC_f_pclka
                                  000033fc         8   data ,g         * 
  _rpdl_CGC_f_pclkb
                                  00003404         8   data ,g         * 
  _rpdl_CGC_f_fclk
                                  0000340c         8   data ,g         * 
  _rpdl_CGC_f_bclk
                                  00003414         8   data ,g         * 
  _rpdl_CGC_f_ieclk
                                  0000341c         8   data ,g         * 
  _rpdl_CGC_f_uclk
                                  00003424         8   data ,g         * 
  _rpdl_CGC_f_iclk_storage
                                  0000342c        28   data ,g         * 
  _rpdl_CGC_f_pclka_storage
                                  00003454        28   data ,g         * 
  _rpdl_CGC_f_pclkb_storage
                                  0000347c        28   data ,g         * 
  _rpdl_CGC_f_fclk_storage
                                  000034a4        28   data ,g         * 
  _rpdl_CGC_f_bclk_storage
                                  000034cc        28   data ,g         * 
  _rpdl_CGC_f_ieclk_storage
                                  000034f4        28   data ,g         * 
  _rpdl_CGC_f_uclk_storage
                                  0000351c        28   data ,g         * 
  _rpdl_CGC_sckcr_copy
                                  00003544        14   data ,g         * 

SECTION=R
FILE=DefaultBuild\lowsrc.obj
                                  00003558  0000356b        14
  _env_list
                                  00003558        10   data ,g         * 
  _environ
                                  00003568         4   data ,g         * 
FILE=DefaultBuild\sbrk.obj
                                  0000356c  0000356f         4
  _brk
                                  0000356c         4   data ,l         * 
FILE=DefaultBuild\AQM0802A.obj
                                  00003570  00003573         4
  _lcdMode2
                                  00003570         4   data ,l         * 
FILE=DefaultBuild\control.obj
                                  00003574  0000357b         8
  _stableSpeed
                                  00003574         4   data ,g         * 
  _encStable
                                  00003578         4   data ,g         * 
FILE=DefaultBuild\microSD.obj
                                  0000357c  0000357f         4
  _cnt_log
                                  0000357c         4   data ,g         * 
FILE=DefaultBuild\sci.obj
                                  00003580  00003583         4
  _txt
                                  00003580         4   data ,g         * 
FILE=xfiles
                                  00003584  0000365b        d8
  __Stdin
                                  00003584        48   data ,g         * 
  __Stdout
                                  000035cc        48   data ,g         * 
  __Stderr
                                  00003614        48   data ,g         * 
FILE=globals_INTC
                                  0000365c  000036d3        78
  _rpdl_INTC_callback_func
                                  0000365c        58   data ,g         * 
  _rpdl_INTC_group_callback_func
                                  000036b4        20   data ,g         * 
FILE=globals_SPI
                                  000036d4  000036e3        10
  _rpdl_SPI_event_callback_func
                                  000036d4         8   data ,g         * 
  _rpdl_SPI_error_callback_func
                                  000036dc         8   data ,g         * 
FILE=globals_TPU
                                  000036e4  00003773        90
  _rpdl_TPU_TGRA_callback_func
                                  000036e4        18   data ,g         * 
  _rpdl_TPU_TGRB_callback_func
                                  000036fc        18   data ,g         * 
  _rpdl_TPU_TGRC_callback_func
                                  00003714        18   data ,g         * 
  _rpdl_TPU_TGRD_callback_func
                                  0000372c        18   data ,g         * 
  _rpdl_TPU_Overflow_callback_func
                                  00003744        18   data ,g         * 
  _rpdl_TPU_Underflow_callback_func
                                  0000375c        18   data ,g         * 
FILE=xprintf
                                  00003774  00003777         4
  _stderr
                                  00003774         4   data ,g         * 
FILE=globals_CGC
                                  00003778  000037af        38
  _rpdl_CGC_f_source_clock
                                  00003778        30   data ,g         * 
  _rpdl_cgc_set_done
                                  000037a8         4   data ,g         * 
  _rpdl_cgc_pclkb_fchk_en
                                  000037ac         4   data ,g         * 
FILE=xctype
                                  000037b0  000037b7         8
  __Ctype
                                  000037b0         4   data ,g         * 
  __Tls_setup__Ctype
                                  000037b4         4   data ,g         * 
FILE=malloc
                                  000037b8  000037bf         8
  __Aldata
                                  000037b8         8   data ,g         * 
FILE=xstate
                                  000037c0  00003807        48
  __Tls_setup__Mbcurmax
                                  000037c0         4   data ,g         * 
  __Mbstate
                                  000037c4        40   data ,g         * 
  __Tls_setup__Mbstate
                                  00003804         4   data ,g         * 
FILE=localeco
                                  00003808  0000385b        54
  __Locale
                                  00003808        50   data ,g         * 
  __Tls_setup__Locale
                                  00003858         4   data ,g         * 
FILE=xwcstate
                                  0000385c  0000389f        44
  __Wcstate
                                  0000385c        40   data ,g         * 
  __Tls_setup__Wcstate
                                  0000389c         4   data ,g         * 
FILE=xvalues
                                  000038a0  0000391f        80
  __Denorm
                                  000038a0        10   data ,g         * 
  __Eps
                                  000038b0        10   data ,g         * 
  __Hugeval
                                  000038c0        10   data ,g         * 
  __Inf
                                  000038d0        10   data ,g         * 
  __Nan
                                  000038e0        10   data ,g         * 
  __Snan
                                  000038f0        10   data ,g         * 
  __Rteps
                                  00003900        10   data ,g         * 
  __Xbig
                                  00003910         8   data ,g         * 
  __Zero
                                  00003918         8   data ,g         * 

SECTION=SU
FILE=DefaultBuild\resetprg.obj
                                  00003920  00003a1f       100

SECTION=SI
FILE=DefaultBuild\resetprg.obj
                                  00003a20  00003d1f       300

SECTION=PResetPRG
FILE=DefaultBuild\resetprg.obj
                                  ffe00000  ffe0003c        3d
  _PowerON_Reset_PC
                                  ffe00000        3d   entry,g         * 

SECTION=C_1
FILE=globals_MTU2
                                  ffe00100  ffe00104         5
  _rpdl_MTU2_TSTR_mask
                                  ffe00100         5   data ,g         * 
FILE=globals_SCI
                                  ffe00105  ffe00108         4
  _rpdl_SCI_div_value
                                  ffe00105         4   data ,g         * 
FILE=globals_TPU
                                  ffe00109  ffe0010e         6
  _rpdl_TPU_gcr_mask
                                  ffe00109         6   data ,g         * 
FILE=xprintf
                                  ffe0010f  ffe00118         a
  _fchar$1
                                  ffe0010f         a   data ,l         * 
FILE=globals_ADC_10
                                  ffe00119  ffe0011c         4
  _rpdl_ADC_10_div_value
                                  ffe00119         4   data ,g         * 
FILE=globals_CGC
                                  ffe0011d  ffe00149        2d
  _rpdl_CGC_PLL_divider_values
                                  ffe0011d         3   data ,g         * 
  _rpdl_CGC_PLL_multiplier_values
                                  ffe00120         8   data ,g         * 
  _rpdl_CGC_SCKCR_divider_values
                                  ffe00128         7   data ,g         * 
  _rpdl_CGC_IEBCK_divider_values
                                  ffe0012f         d   data ,g         * 
  _rpdl_CGC_UCK_divider_values
                                  ffe0013c         4   data ,g         * 
  _rpdl_CGC_SCKCR_offsets
                                  ffe00140         5   data ,g         * 
  _rpdl_CGC_source_f_lookup
                                  ffe00145         5   data ,g         * 
FILE=xputtxt
                                  ffe0014a  ffe001ee        a5
  _spaces
                                  ffe0014a        21   data ,l         * 
  _zeroes
                                  ffe0016b        21   data ,l         * 
  _asterisk
                                  ffe0018c        21   data ,l         * 
  _plus
                                  ffe001ad        21   data ,l         * 
  _minus
                                  ffe001ce        21   data ,l         * 
FILE=xlitob
                                  ffe001ef  ffe00210        22
  _ldigs
                                  ffe001ef        11   data ,l         * 
  _udigs
                                  ffe00200        11   data ,l         * 
FILE=localeco
                                  ffe00211  ffe00211         1
  _null
                                  ffe00211         1   data ,l         * 

SECTION=C_2
FILE=globals_CMT
                                  ffe00212  ffe00219         8
  _rpdl_CMT_div_value
                                  ffe00212         8   data ,g         * 
FILE=xctype
                                  ffe0021a  ffe0041b       202
  _ctyp_tab
                                  ffe0021a       202   data ,l         * 

SECTION=C
FILE=DefaultBuild\dbsct.obj
                                  ffe0041c  ffe0044f        34
  __CTBL
                                  ffe0041c        34   data ,g         * 
FILE=_nfiles
                                  ffe00450  ffe00453         4
  __nfiles
                                  ffe00450         4   data ,g         * 
FILE=pi4dtable
                                  ffe00454  ffe0046b        18
  ___pi4d_tbl
                                  ffe00454        18   data ,g         * 
FILE=xfoprep
                                  ffe0046c  ffe004b3        48
  _init$1
                                  ffe0046c        48   data ,l         * 
FILE=xprintf
                                  ffe004b4  ffe004cb        18
  _fbit$2
                                  ffe004b4        18   data ,l         * 
FILE=xfopen
                                  ffe004cc  ffe004db        10
  _rwacc$1
                                  ffe004cc        10   data ,l         * 
FILE=floatval
                                  ffe004dc  ffe00503        28
  __FLT_MAX_VAL
                                  ffe004dc         0   none ,g         * 
  __FLT_MIN_VAL
                                  ffe004e0         0   none ,g         * 
  __DBL_MAX_VAL
                                  ffe004e4         0   none ,g         * 
  __DBL_MIN_VAL
                                  ffe004ec         0   none ,g         * 
  __LDBL_MAX_VAL
                                  ffe004f4         0   none ,g         * 
  __LDBL_MIN_VAL
                                  ffe004fc         0   none ,g         * 
FILE=_const
                                  ffe00504  ffe00527        24
  __IFNAND
                                  ffe00504         0   none ,g         * 
  __IFINFD
                                  ffe0050c         0   none ,g         * 
  __NIFINFD
                                  ffe00514         0   none ,g         * 
  __IFNANS
                                  ffe0051c         0   none ,g         * 
  __IFINFS
                                  ffe00520         0   none ,g         * 
  __NIFINFS
                                  ffe00524         0   none ,g         * 
FILE=xldtob
                                  ffe00528  ffe0056f        48
  _pows
                                  ffe00528        48   data ,l         * 
FILE=_sbrk_si
                                  ffe00570  ffe00573         4
  __sbrk_size
                                  ffe00570         4   data ,g         * 

SECTION=C$DSEC
FILE=DefaultBuild\dbsct.obj
                                  ffe00574  ffe00597        24
  __DTBL
                                  ffe00574        24   data ,g         * 

SECTION=C$BSEC
FILE=DefaultBuild\dbsct.obj
                                  ffe00598  ffe005af        18
  __BTBL
                                  ffe00598        18   data ,g         * 

SECTION=C$VECT
FILE=DefaultBuild\dbsct.obj
                                  ffe005b0  ffe009af       400

SECTION=D_1
FILE=DefaultBuild\control.obj
                                  ffe009b0  ffe009b1         2
FILE=DefaultBuild\main.obj
                                  ffe009b2  ffe009b3         2
FILE=DefaultBuild\memorrytrace.obj
                                  ffe009b4  ffe009b5         2
FILE=DefaultBuild\microSD.obj
                                  ffe009b6  ffe009b6         1
FILE=DefaultBuild\sci.obj
                                  ffe009b7  ffe009bb         5
FILE=DefaultBuild\setup.obj
                                  ffe009bc  ffe009d0        15
FILE=xfiles
                                  ffe009d1  ffe00a20        50
FILE=xstate
                                  ffe00a21  ffe00a21         1

SECTION=D_2
FILE=DefaultBuild\control.obj
                                  ffe00a22  ffe00a23         2
FILE=DefaultBuild\ICM20648.obj
                                  ffe00a24  ffe00a29         6
FILE=DefaultBuild\microSD.obj
                                  ffe00a2a  ffe00a2b         2
FILE=DefaultBuild\sci.obj
                                  ffe00a2c  ffe00a2d         2
FILE=DefaultBuild\setup.obj
                                  ffe00a2e  ffe00a2f         2
FILE=DefaultBuild\ADconverter.obj
                                  ffe00a30  ffe00a31         2
FILE=utilities_common
                                  ffe00a32  ffe00a39         8

SECTION=D
FILE=DefaultBuild\lowsrc.obj
                                  ffe00a3c  ffe00a4f        14
FILE=DefaultBuild\sbrk.obj
                                  ffe00a50  ffe00a53         4
FILE=DefaultBuild\AQM0802A.obj
                                  ffe00a54  ffe00a57         4
FILE=DefaultBuild\control.obj
                                  ffe00a58  ffe00a5f         8
FILE=DefaultBuild\microSD.obj
                                  ffe00a60  ffe00a63         4
FILE=DefaultBuild\sci.obj
                                  ffe00a64  ffe00a67         4
FILE=xfiles
                                  ffe00a68  ffe00b3f        d8
FILE=globals_INTC
                                  ffe00b40  ffe00bb7        78
FILE=globals_SPI
                                  ffe00bb8  ffe00bc7        10
FILE=globals_TPU
                                  ffe00bc8  ffe00c57        90
FILE=xprintf
                                  ffe00c58  ffe00c5b         4
FILE=globals_CGC
                                  ffe00c5c  ffe00c93        38
FILE=xctype
                                  ffe00c94  ffe00c9b         8
FILE=malloc
                                  ffe00c9c  ffe00ca3         8
FILE=xstate
                                  ffe00ca4  ffe00ceb        48
FILE=localeco
                                  ffe00cec  ffe00d3f        54
FILE=xwcstate
                                  ffe00d40  ffe00d83        44
FILE=xvalues
                                  ffe00d84  ffe00e03        80

SECTION=P
FILE=DefaultBuild\lowsrc.obj
                                  ffe00e04  ffe00f8a       187
  __INIT_IOLIB
                                  ffe00e04        84   func ,g         * 
  __CLOSEALL
                                  ffe00e88        2a   func ,g         * 
  _open
                                  ffe00eb2        67   func ,g         * 
  _close
                                  ffe00f19         3   func ,g         * 
  _write
                                  ffe00f1c        37   func ,g         * 
  _read
                                  ffe00f53        34   func ,g         * 
  _lseek
                                  ffe00f87         4   func ,g         * 
FILE=DefaultBuild\sbrk.obj
                                  ffe00f8b  ffe00fab        21
  _sbrk
                                  ffe00f8b        21   func ,g         * 
FILE=DefaultBuild\E2dataFlash.obj
                                  ffe00fac  ffe01ed3       f28
  _wait_flash
                                  ffe00fac        26   func ,g         * 
  _FirmWareCopy
                                  ffe00fd2        39   func ,g         * 
  _fcuCommandByte
                                  ffe0100b         3   func ,g         * 
  _fcuCommandWord
                                  ffe0100e         3   func ,g         * 
  _checkFRDY
                                  ffe01011        4f   func ,g         * 
  _checkErrorFlash
                                  ffe01060        d9   func ,g         * 
  _initFlash
                                  ffe01139        9f   func ,g         * 
  _changeFlashPE
                                  ffe011d8        4d   func ,g         * 
  _changeFlashRead
                                  ffe01225        2f   func ,g         * 
  _checkBlank
                                  ffe01254       1c9   func ,g         * 
  _eraseE2DataFlash
                                  ffe0141d        79   func ,g         * 
  _checkWriteAddr
                                  ffe01496        83   func ,g         * 
  _writeFlash
                                  ffe01519        d6   func ,g         * 
  _readFlashAddr
                                  ffe015ef        28   func ,g         * 
  _readFlashArray
                                  ffe01617        3a   func ,g         * 
  _readFlashArray2
                                  ffe01651        6b   func ,g         * 
  _readbeforeAddr
                                  ffe016bc        64   func ,g         * 
  _writeFlashData
                                  ffe01720        54   func ,g         * 
  _readFlashSetup
                                  ffe01774       587   func ,g         * 
  _writeFlashBeforeStart
                                  ffe01cfb       1d9   func ,g         * 
FILE=DefaultBuild\hwsetup.obj
                                  ffe01ed4  ffe01f68        95
  _HardwareSetup
                                  ffe01ed4        95   func ,g         * 
FILE=DefaultBuild\AQM0802A.obj
                                  ffe01f69  ffe021c3       25b
  _lcdPut
                                  ffe01f69        17   func ,g         * 
  _lcdCMD
                                  ffe01f80        17   func ,g         * 
  _waitLcd
                                  ffe01f97        26   func ,g         * 
  _intiLcd
                                  ffe01fbd        6e   func ,g         * 
  _lcdLocate
                                  ffe0202b        2e   func ,l         * 
  _lcdShowProcess
                                  ffe02059        84   func ,g         * 
  _lcdPrintf
                                  ffe020dd        5e   func ,g         * 
  _lcdPosition
                                  ffe0213b        17   func ,g         * 
  _lcdRowPrintf
                                  ffe02152        72   func ,g         * 
FILE=DefaultBuild\control.obj
                                  ffe021c4  ffe02c60       a9d
  _checkLine
                                  ffe021c4        79   func ,g         * 
  _check_crossline
                                  ffe0223d        2d   func ,g         * 
  _check_rightline
                                  ffe0226a        20   func ,g         * 
  _check_leftline
                                  ffe0228a        22   func ,g         * 
  _checkSlope
                                  ffe022ac        3e   func ,g         * 
  _encMM
                                  ffe022ea        1e   func ,g         * 
  _stableSpeedDistance
                                  ffe02308        3f   func ,g         * 
  _servoControlTrace
                                  ffe02347       101   func ,g         * 
  _servoControlAngle
                                  ffe02448       105   func ,g         * 
  _diff
                                  ffe0254d       2fd   func ,g         * 
  _motorControl
                                  ffe0284a       123   func ,g         * 
  _getLinePositionNow
                                  ffe0296d       102   func ,g         * 
  _getLinePositionAfter
                                  ffe02a6f       1c0   func ,g         * 
  _getReturnAngle
                                  ffe02c2f        32   func ,g         * 
FILE=DefaultBuild\main.obj
                                  ffe02c61  ffe03f3a      12da
  _main
                                  ffe02c61       f11   func ,g         * 
  _Timer
                                  ffe03b72       352   func ,g         * 
  _initParameter
                                  ffe03ec4        77   func ,g         * 
FILE=DefaultBuild\ICM20648.obj
                                  ffe03f3b  ffe04240       306
  _readByte
                                  ffe03f3b        34   func ,g         * 
  _writeByte
                                  ffe03f6f        35   func ,g         * 
  _readArry
                                  ffe03fa4        33   func ,g         * 
  _initIMU
                                  ffe03fd7        58   func ,g         * 
  _caribrateIMU
                                  ffe0402f        b5   func ,g         * 
  _readGyroData
                                  ffe040e4        3a   func ,g         * 
  _readAccelData
                                  ffe0411e        3a   func ,g         * 
  _getTurningAngleIMU
                                  ffe04158        47   func ,g         * 
  _getRollAngleIMU
                                  ffe0419f        47   func ,g         * 
  _getPichAngleIMU
                                  ffe041e6        5b   func ,g         * 
FILE=DefaultBuild\memorrytrace.obj
                                  ffe04241  ffe04519       2d9
  _msdgetData
                                  ffe04241       1cd   func ,g         * 
  _serchPattern
                                  ffe0440e        cd   func ,g         * 
  _logmeter
                                  ffe044db        3f   func ,g         * 
FILE=DefaultBuild\microSD.obj
                                  ffe0451a  ffe05626      110d
  _msd_write
                                  ffe0451a        12   func ,g         * 
  _msd_read
                                  ffe0452c        1c   func ,g         * 
  _msd_CMD
                                  ffe04548        61   func ,g         * 
  _initMicroSD
                                  ffe045a9       38b   func ,g         * 
  _getMicroSD_CSD
                                  ffe04934        7f   func ,g         * 
  _readMicroSD
                                  ffe049b3       122   func ,g         * 
  _writeMicroSD
                                  ffe04ad5       15c   func ,g         * 
  _eraseMicroSD
                                  ffe04c31       1ca   func ,g         * 
  _setMicroSDdata
                                  ffe04dfb        52   func ,g         * 
  _microSDProcessStart
                                  ffe04e4d        70   func ,g         * 
  _microSDProcessEnd
                                  ffe04ebd        20   func ,g         * 
  _microSDProcess
                                  ffe04edd        b1   func ,g         * 
  _checkMicroSDProcess
                                  ffe04f8e         9   func ,g         * 
  _msd_send_data
                                  ffe04f97        3a   func ,g         * 
  _init_log
                                  ffe04fd1        f6   func ,g         * 
  _msdEndLog
                                  ffe050c7        72   func ,g         * 
  _sendLog
                                  ffe05139        c9   func ,g         * 
  _msd_sendToPC
                                  ffe05202       38d   func ,g         * 
  _send_Char
                                  ffe0558f         e   func ,g         * 
  _send_ShortToChar
                                  ffe0559d        14   func ,g         * 
  _send_uIntToChar
                                  ffe055b1        1e   func ,g         * 
  _CharToShort
                                  ffe055cf        21   func ,g         * 
  _CharTouInt
                                  ffe055f0        37   func ,g         * 
FILE=DefaultBuild\sci.obj
                                  ffe05627  ffe0587e       258
  _initSCI1
                                  ffe05627        ff   func ,g         * 
  _initSCI6
                                  ffe05726       101   func ,g         * 
  _charput
                                  ffe05827        10   func ,g         * 
  _charget
                                  ffe05837         8   func ,g         * 
  _Excep_SCI6_RXI6
                                  ffe0583f        40   func ,g         * 
FILE=DefaultBuild\setup.obj
                                  ffe0587f  ffe06d1e      14a0
  _setup
                                  ffe0587f      11bb   func ,g         * 
  _data_select
                                  ffe06a3a        4a   func ,g         * 
  _data_tuningUD
                                  ffe06a84        83   func ,g         * 
  _data_tuningLR
                                  ffe06b07        83   func ,g         * 
  _fixSpeedSetting
                                  ffe06b8a       195   func ,g         * 
FILE=DefaultBuild\mtu.obj
                                  ffe06d1f  ffe0737b       65d
  _getEncoder
                                  ffe06d1f        62   func ,g         * 
  _motorPwmOut
                                  ffe06d81        ff   func ,g         * 
  _servoPwmOut
                                  ffe06e80        60   func ,g         * 
  _motor2_f
                                  ffe06ee0        81   func ,g         * 
  _motor2_r
                                  ffe06f61        81   func ,g         * 
  _motor3_f
                                  ffe06fe2        b9   func ,g         * 
  _motor3_r
                                  ffe0709b        b9   func ,g         * 
  _motor6_f
                                  ffe07154        ba   func ,g         * 
  _motor6_r
                                  ffe0720e        ba   func ,g         * 
  _motor_mode_r
                                  ffe072c8        5a   func ,g         * 
  _motor_mode_f
                                  ffe07322        5a   func ,g         * 
FILE=DefaultBuild\ADconverter.obj
                                  ffe0737c  ffe07874       4f9
  _ADconverter
                                  ffe0737c       17b   func ,g         * 
  _getVoltage
                                  ffe074f7        43   func ,g         * 
  _getServoAngle
                                  ffe0753a        14   func ,g         * 
  _getsens_ratio
                                  ffe0754e       1e9   func ,g         * 
  _getAnalogSensor
                                  ffe07737        14   func ,g         * 
  _RRget
                                  ffe0774b        1a   func ,g         * 
  _Rget
                                  ffe07765        1a   func ,g         * 
  _Cget
                                  ffe0777f        1a   func ,g         * 
  _Lget
                                  ffe07799        1a   func ,g         * 
  _LLget
                                  ffe077b3        1a   func ,g         * 
  _sensor_inp
                                  ffe077cd        98   func ,g         * 
  _startbar_get
                                  ffe07865        10   func ,g         * 
FILE=DefaultBuild\io.obj
                                  ffe07875  ffe079af       13b
  _initIO
                                  ffe07875        56   func ,g         * 
  _ledOut
                                  ffe078cb        2b   func ,g         * 
  _getSwitch
                                  ffe078f6        4f   func ,g         * 
  _dipswGet
                                  ffe07945        30   func ,g         * 
  _taswGet
                                  ffe07975        3b   func ,g         * 
FILE=DefaultBuild\R_PG_Clock.obj
                                  ffe079b0  ffe07c95       2e6
  _R_PG_Clock_Set
                                  ffe079b0        d8   func ,g         * 
  _R_PG_Clock_WaitSet
                                  ffe07a88       101   func ,g         * 
  _R_PG_Clock_Start_LOCO
                                  ffe07b89         b   func ,g         * 
  _R_PG_Clock_Stop_LOCO
                                  ffe07b94         b   func ,g         * 
  _R_PG_Clock_Start_MAIN
                                  ffe07b9f         c   func ,g         * 
  _R_PG_Clock_Stop_MAIN
                                  ffe07bab         c   func ,g         * 
  _R_PG_Clock_Enable_MAIN_ForcedOscillation
                                  ffe07bb7         c   func ,g         * 
  _R_PG_Clock_Disable_MAIN_ForcedOscillation
                                  ffe07bc3         c   func ,g         * 
  _R_PG_Clock_Start_PLL
                                  ffe07bcf         a   func ,g         * 
  _R_PG_Clock_Stop_PLL
                                  ffe07bd9         a   func ,g         * 
  _R_PG_Clock_GetSelectedClockSource
                                  ffe07be3        1d   func ,g         * 
  _R_PG_Clock_GetClocksStatus
                                  ffe07c00        5e   func ,g         * 
  _R_PG_Clock_GetHOCOPowerStatus
                                  ffe07c5e        1d   func ,g         * 
  _R_PG_Clock_GetFlag_MAIN_StopDetection
                                  ffe07c7b        1b   func ,g         * 
FILE=DefaultBuild\R_PG_IO_PORT.obj
                                  ffe07c96  ffe07c99         4
  _R_PG_IO_PORT_SetPortNotAvailable
                                  ffe07c96         4   func ,g         * 
FILE=DefaultBuild\R_PG_IO_PORT_P0.obj
                                  ffe07c9a  ffe07cf7        5e
  _R_PG_IO_PORT_Set_P0
                                  ffe07c9a         f   func ,g         * 
  _R_PG_IO_PORT_Set_P05
                                  ffe07ca9         f   func ,g         * 
  _R_PG_IO_PORT_Read_P0
                                  ffe07cb8         c   func ,g         * 
  _R_PG_IO_PORT_Read_P05
                                  ffe07cc4         f   func ,g         * 
  _R_PG_IO_PORT_Read_P07
                                  ffe07cd3         f   func ,g         * 
  _R_PG_IO_PORT_Write_P0
                                  ffe07ce2         8   func ,g         * 
  _R_PG_IO_PORT_Write_P05
                                  ffe07cea         e   func ,g         * 
FILE=DefaultBuild\R_PG_IO_PORT_P1.obj
                                  ffe07cf8  ffe07df7       100
  _R_PG_IO_PORT_Set_P1
                                  ffe07cf8        3a   func ,g         * 
  _R_PG_IO_PORT_Set_P12
                                  ffe07d32         e   func ,g         * 
  _R_PG_IO_PORT_Set_P13
                                  ffe07d40         e   func ,g         * 
  _R_PG_IO_PORT_Set_P17
                                  ffe07d4e         f   func ,g         * 
  _R_PG_IO_PORT_Read_P1
                                  ffe07d5d         d   func ,g         * 
  _R_PG_IO_PORT_Read_P12
                                  ffe07d6a         f   func ,g         * 
  _R_PG_IO_PORT_Read_P13
                                  ffe07d79         f   func ,g         * 
  _R_PG_IO_PORT_Read_P14
                                  ffe07d88        10   func ,g         * 
  _R_PG_IO_PORT_Read_P15
                                  ffe07d98        10   func ,g         * 
  _R_PG_IO_PORT_Read_P16
                                  ffe07da8        10   func ,g         * 
  _R_PG_IO_PORT_Read_P17
                                  ffe07db8        10   func ,g         * 
  _R_PG_IO_PORT_Write_P1
                                  ffe07dc8         8   func ,g         * 
  _R_PG_IO_PORT_Write_P12
                                  ffe07dd0         d   func ,g         * 
  _R_PG_IO_PORT_Write_P13
                                  ffe07ddd         d   func ,g         * 
  _R_PG_IO_PORT_Write_P17
                                  ffe07dea         e   func ,g         * 
FILE=DefaultBuild\R_PG_IO_PORT_P2.obj
                                  ffe07df8  ffe07f15       11e
  _R_PG_IO_PORT_Set_P2
                                  ffe07df8        3a   func ,g         * 
  _R_PG_IO_PORT_Set_P22
                                  ffe07e32         e   func ,g         * 
  _R_PG_IO_PORT_Set_P23
                                  ffe07e40         e   func ,g         * 
  _R_PG_IO_PORT_Set_P27
                                  ffe07e4e         f   func ,g         * 
  _R_PG_IO_PORT_Read_P2
                                  ffe07e5d         d   func ,g         * 
  _R_PG_IO_PORT_Read_P20
                                  ffe07e6a         f   func ,g         * 
  _R_PG_IO_PORT_Read_P21
                                  ffe07e79         f   func ,g         * 
  _R_PG_IO_PORT_Read_P22
                                  ffe07e88         f   func ,g         * 
  _R_PG_IO_PORT_Read_P23
                                  ffe07e97         f   func ,g         * 
  _R_PG_IO_PORT_Read_P24
                                  ffe07ea6        10   func ,g         * 
  _R_PG_IO_PORT_Read_P25
                                  ffe07eb6        10   func ,g         * 
  _R_PG_IO_PORT_Read_P26
                                  ffe07ec6        10   func ,g         * 
  _R_PG_IO_PORT_Read_P27
                                  ffe07ed6        10   func ,g         * 
  _R_PG_IO_PORT_Write_P2
                                  ffe07ee6         8   func ,g         * 
  _R_PG_IO_PORT_Write_P22
                                  ffe07eee         d   func ,g         * 
  _R_PG_IO_PORT_Write_P23
                                  ffe07efb         d   func ,g         * 
  _R_PG_IO_PORT_Write_P27
                                  ffe07f08         e   func ,g         * 
FILE=DefaultBuild\R_PG_IO_PORT_P3.obj
                                  ffe07f16  ffe07fcd        b8
  _R_PG_IO_PORT_Set_P3
                                  ffe07f16         d   func ,g         * 
  _R_PG_IO_PORT_Set_P31
                                  ffe07f23         d   func ,g         * 
  _R_PG_IO_PORT_Read_P3
                                  ffe07f30         d   func ,g         * 
  _R_PG_IO_PORT_Read_P30
                                  ffe07f3d         f   func ,g         * 
  _R_PG_IO_PORT_Read_P31
                                  ffe07f4c         f   func ,g         * 
  _R_PG_IO_PORT_Read_P32
                                  ffe07f5b         f   func ,g         * 
  _R_PG_IO_PORT_Read_P33
                                  ffe07f6a         f   func ,g         * 
  _R_PG_IO_PORT_Read_P34
                                  ffe07f79        10   func ,g         * 
  _R_PG_IO_PORT_Read_P35
                                  ffe07f89        10   func ,g         * 
  _R_PG_IO_PORT_Read_P36
                                  ffe07f99        10   func ,g         * 
  _R_PG_IO_PORT_Read_P37
                                  ffe07fa9        10   func ,g         * 
  _R_PG_IO_PORT_Write_P3
                                  ffe07fb9         8   func ,g         * 
  _R_PG_IO_PORT_Write_P31
                                  ffe07fc1         d   func ,g         * 
FILE=DefaultBuild\R_PG_IO_PORT_P4.obj
                                  ffe07fce  ffe08087        ba
  _R_PG_IO_PORT_Set_P4
                                  ffe07fce         e   func ,g         * 
  _R_PG_IO_PORT_Set_P41
                                  ffe07fdc         e   func ,g         * 
  _R_PG_IO_PORT_Read_P4
                                  ffe07fea         d   func ,g         * 
  _R_PG_IO_PORT_Read_P40
                                  ffe07ff7         f   func ,g         * 
  _R_PG_IO_PORT_Read_P41
                                  ffe08006         f   func ,g         * 
  _R_PG_IO_PORT_Read_P42
                                  ffe08015         f   func ,g         * 
  _R_PG_IO_PORT_Read_P43
                                  ffe08024         f   func ,g         * 
  _R_PG_IO_PORT_Read_P44
                                  ffe08033        10   func ,g         * 
  _R_PG_IO_PORT_Read_P45
                                  ffe08043        10   func ,g         * 
  _R_PG_IO_PORT_Read_P46
                                  ffe08053        10   func ,g         * 
  _R_PG_IO_PORT_Read_P47
                                  ffe08063        10   func ,g         * 
  _R_PG_IO_PORT_Write_P4
                                  ffe08073         8   func ,g         * 
  _R_PG_IO_PORT_Write_P41
                                  ffe0807b         d   func ,g         * 
FILE=DefaultBuild\R_PG_IO_PORT_P5.obj
                                  ffe08088  ffe08188       101
  _R_PG_IO_PORT_Set_P5
                                  ffe08088        3b   func ,g         * 
  _R_PG_IO_PORT_Set_P53
                                  ffe080c3         e   func ,g         * 
  _R_PG_IO_PORT_Set_P54
                                  ffe080d1         f   func ,g         * 
  _R_PG_IO_PORT_Set_P55
                                  ffe080e0         f   func ,g         * 
  _R_PG_IO_PORT_Read_P5
                                  ffe080ef         d   func ,g         * 
  _R_PG_IO_PORT_Read_P50
                                  ffe080fc         f   func ,g         * 
  _R_PG_IO_PORT_Read_P51
                                  ffe0810b         f   func ,g         * 
  _R_PG_IO_PORT_Read_P52
                                  ffe0811a         f   func ,g         * 
  _R_PG_IO_PORT_Read_P53
                                  ffe08129         f   func ,g         * 
  _R_PG_IO_PORT_Read_P54
                                  ffe08138        10   func ,g         * 
  _R_PG_IO_PORT_Read_P55
                                  ffe08148        10   func ,g         * 
  _R_PG_IO_PORT_Write_P5
                                  ffe08158         8   func ,g         * 
  _R_PG_IO_PORT_Write_P53
                                  ffe08160         d   func ,g         * 
  _R_PG_IO_PORT_Write_P54
                                  ffe0816d         e   func ,g         * 
  _R_PG_IO_PORT_Write_P55
                                  ffe0817b         e   func ,g         * 
FILE=DefaultBuild\R_PG_IO_PORT_PA.obj
                                  ffe08189  ffe082d9       151
  _R_PG_IO_PORT_Set_PA
                                  ffe08189        4e   func ,g         * 
  _R_PG_IO_PORT_Set_PA3
                                  ffe081d7         e   func ,g         * 
  _R_PG_IO_PORT_Set_PA5
                                  ffe081e5         f   func ,g         * 
  _R_PG_IO_PORT_Set_PA6
                                  ffe081f4         f   func ,g         * 
  _R_PG_IO_PORT_Set_PA7
                                  ffe08203         f   func ,g         * 
  _R_PG_IO_PORT_Read_PA
                                  ffe08212         d   func ,g         * 
  _R_PG_IO_PORT_Read_PA0
                                  ffe0821f         f   func ,g         * 
  _R_PG_IO_PORT_Read_PA1
                                  ffe0822e         f   func ,g         * 
  _R_PG_IO_PORT_Read_PA2
                                  ffe0823d         f   func ,g         * 
  _R_PG_IO_PORT_Read_PA3
                                  ffe0824c         f   func ,g         * 
  _R_PG_IO_PORT_Read_PA4
                                  ffe0825b        10   func ,g         * 
  _R_PG_IO_PORT_Read_PA5
                                  ffe0826b        10   func ,g         * 
  _R_PG_IO_PORT_Read_PA6
                                  ffe0827b        10   func ,g         * 
  _R_PG_IO_PORT_Read_PA7
                                  ffe0828b        10   func ,g         * 
  _R_PG_IO_PORT_Write_PA
                                  ffe0829b         8   func ,g         * 
  _R_PG_IO_PORT_Write_PA3
                                  ffe082a3         d   func ,g         * 
  _R_PG_IO_PORT_Write_PA5
                                  ffe082b0         e   func ,g         * 
  _R_PG_IO_PORT_Write_PA6
                                  ffe082be         e   func ,g         * 
  _R_PG_IO_PORT_Write_PA7
                                  ffe082cc         e   func ,g         * 
FILE=DefaultBuild\R_PG_IO_PORT_PB.obj
                                  ffe082da  ffe08455       17c
  _R_PG_IO_PORT_Set_PB
                                  ffe082da        5e   func ,g         * 
  _R_PG_IO_PORT_Set_PB0
                                  ffe08338         e   func ,g         * 
  _R_PG_IO_PORT_Set_PB2
                                  ffe08346         e   func ,g         * 
  _R_PG_IO_PORT_Set_PB4
                                  ffe08354         f   func ,g         * 
  _R_PG_IO_PORT_Set_PB6
                                  ffe08363         f   func ,g         * 
  _R_PG_IO_PORT_Set_PB7
                                  ffe08372         f   func ,g         * 
  _R_PG_IO_PORT_Read_PB
                                  ffe08381         d   func ,g         * 
  _R_PG_IO_PORT_Read_PB0
                                  ffe0838e         f   func ,g         * 
  _R_PG_IO_PORT_Read_PB1
                                  ffe0839d         f   func ,g         * 
  _R_PG_IO_PORT_Read_PB2
[...]
                                  ffe11d00        55   func ,l         * 
  _CreateSPI_Pins
                                  ffe11d55        3f   func ,l         * 
  _CreateIIC_Pins
                                  ffe11d94       253   func ,l         * 
  _CreateSmart_Pins
                                  ffe11fe7        28   func ,l         * 
  _Create_Pins_SCK
                                  ffe1200f       154   func ,l         * 
  _Create_Pins_CTS_RTS_SS
                                  ffe12163       13b   func ,l         * 
  _Create_Pins_RXD
                                  ffe1229e       163   func ,l         * 
  _Create_Pins_TXD
                                  ffe12401       154   func ,l         * 
FILE=R_SCI_DestroyAll
                                  ffe12555  ffe1278b       237
  _R_SCI_DestroyAll
                                  ffe12555       237   func ,g         * 
FILE=R_SCI_GetStatusAll
                                  ffe1278c  ffe12857        cc
  _R_SCI_GetStatusAll
                                  ffe1278c        cc   func ,g         * 
FILE=R_SCI_IIC
                                  ffe12858  ffe12fc7       770
  _R_SCI_IIC_WriteAll
                                  ffe12858       177   func ,g         * 
  _R_SCI_IIC_ReadAll
                                  ffe129cf       1fe   func ,g         * 
  _Transfer_Common
                                  ffe12bcd        8d   func ,l         * 
  _R_SCI_IIC_ReadLastByteAll
                                  ffe12c5a        9c   func ,g         * 
  _rpdl_SCI_IIC_Stop
                                  ffe12cf6        15   func ,g         * 
  _R_SCI_IIC_Handler_RXI
                                  ffe12d0b        ae   func ,g         * 
  _R_SCI_IIC_Handler_TXI
                                  ffe12db9        b2   func ,g         * 
  _StartConditionWait
                                  ffe12e6b        4c   func ,l         * 
  _StopConditionWait
                                  ffe12eb7        64   func ,l         * 
  _SlaveAddressWait
                                  ffe12f1b        ad   func ,l         * 
FILE=R_SCI_SetAll
                                  ffe12fc8  ffe139e4       a1d
  _R_SCI_SetAll
                                  ffe12fc8       a1d   func ,g         * 
FILE=R_SCI_SPI_TransferAll
                                  ffe139e5  ffe13db4       3d0
  _R_SCI_SPI_TransferAll
                                  ffe139e5       1d4   func ,g         * 
  _Polling_Transfer
                                  ffe13bb9       198   func ,l         * 
  _EnableTransfer
                                  ffe13d51        64   func ,l         * 
FILE=utilities_ADC_10
                                  ffe13db5  ffe13de5        31
  _rpdl_ADC_10_Start
                                  ffe13db5        10   func ,g         * 
  _rpdl_ADC_10_ModifyIEN
                                  ffe13dc5        21   func ,g         * 
FILE=utilities_common
                                  ffe13de6  ffe1419e       3b9
  _rpdl_common_BCD8_check
                                  ffe13de6        19   func ,g         * 
  _rpdl_common_BCD16_check
                                  ffe13dff        19   func ,g         * 
  _rpdl_common_BCD32_check
                                  ffe13e18        13   func ,g         * 
  _rpdl_BCD8_to_dec
                                  ffe13e2b        12   func ,g         * 
  _rpdl_BCD16_to_dec
                                  ffe13e3d        2e   func ,g         * 
  _rpdl_register_protection
                                  ffe13e6b        2d   func ,g         * 
  _rpdl_modify_protection
                                  ffe13e98       10e   func ,g         * 
  _rpdl_bit_number
                                  ffe13fa6        15   func ,g         * 
  _rpdl_pin_function_prepare
                                  ffe13fbb        3e   func ,g         * 
  _rpdl_pin_function_disable
                                  ffe13ff9        3c   func ,g         * 
  _rpdl_pin_analog_enable
                                  ffe14035        35   func ,g         * 
  _rpdl_pin_analog_disable
                                  ffe1406a        32   func ,g         * 
  _rpdl_wait_source_clock
                                  ffe1409c        46   func ,g         * 
  _rpdl_wait_time
                                  ffe140e2        a8   func ,g         * 
  _rpdl_In_ROM_Program_Erase_Mode
                                  ffe1418a        15   func ,g         * 
FILE=utilities_MTU2
                                  ffe1419f  ffe1466a       4cc
  _R_MTU2_Create_load_defaults
                                  ffe1419f        3b   func ,g         * 
  _rpdl_MTU2_DisableIER
                                  ffe141da       15a   func ,g         * 
  _rpdl_MTU2_EnableTGRAIER
                                  ffe14334        86   func ,g         * 
  _rpdl_MTU2_EnableTGRBIER
                                  ffe143ba        86   func ,g         * 
  _rpdl_MTU2_EnableTGRCIER
                                  ffe14440        52   func ,g         * 
  _rpdl_MTU2_EnableTGRDIER
                                  ffe14492        52   func ,g         * 
  _rpdl_MTU2_EnableTGREIER
                                  ffe144e4        1c   func ,g         * 
  _rpdl_MTU2_EnableTGRFIER
                                  ffe14500        1c   func ,g         * 
  _rpdl_MTU2_EnableTGRUIER
                                  ffe1451c        1c   func ,g         * 
  _rpdl_MTU2_EnableTGRVIER
                                  ffe14538        1c   func ,g         * 
  _rpdl_MTU2_EnableTGRWIER
                                  ffe14554        1c   func ,g         * 
  _rpdl_MTU2_EnableTCIVIER
                                  ffe14570        b0   func ,g         * 
  _rpdl_MTU2_EnableTCIUIER
                                  ffe14620        4b   func ,g         * 
FILE=fmod
                                  ffe1466b  ffe146a5        3b
  _fmodl
                                  ffe1466b         2   func ,g         * 
  _fmod
                                  ffe1466d        39   func ,g         * 
FILE=nandval
                                  ffe146a6  ffe146ae         9
  ___nand_value
                                  ffe146a6         9   func ,g         * 
FILE=sincosdsub
                                  ffe146af  ffe14821       173
  ___poly_cosd
                                  ffe146af        bb   func ,g         * 
  ___poly_cosdn
                                  ffe1476a         7   func ,g         * 
  ___poly_sind
                                  ffe14771        b1   func ,g         * 
FILE=fwrite
                                  ffe14822  ffe148f2        d1
  _fwrite
                                  ffe14822        d1   func ,g         * 
FILE=fflush
                                  ffe148f3  ffe14974        82
  _fflush
                                  ffe148f3        82   func ,g         * 
FILE=xfoprep
                                  ffe14975  ffe14a48        d4
  __Foprep
                                  ffe14975        d4   func ,g         * 
FILE=xfofind
                                  ffe14a49  ffe14ad5        8d
  __Fofind
                                  ffe14a49        44   func ,g         * 
  __Fofree
                                  ffe14a8d        49   func ,g         * 
FILE=xprintf
                                  ffe14ad6  ffe14d37       262
  __Printf
                                  ffe14ad6       262   func ,g         * 
FILE=__COM_CMPNEd
                                  ffe14d38  ffe14d92        5b
  __COM_CMPNEd
                                  ffe14d38         0   none ,g         * 
  exception_return1
                                  ffe14d58         0   none ,l         * 
  exception_return2
                                  ffe14d5c         0   none ,l         * 
  exception_return3
                                  ffe14d60         0   none ,l         * 
  true
                                  ffe14d66         0   none ,l         * 
  false
                                  ffe14d6b         0   none ,l         * 
  exception1
                                  ffe14d70         0   none ,l         * 
  exception2
                                  ffe14d79         0   none ,l         * 
  exception3
                                  ffe14d82         0   none ,l         * 
FILE=free
                                  ffe14d93  ffe14e14        82
  _free
                                  ffe14d93        82   func ,g         * 
FILE=utilities_ADC_12
                                  ffe14e15  ffe14e35        21
  _rpdl_ADC_12_ModifyIEN
                                  ffe14e15        21   func ,g         * 
FILE=utilities_CGC
                                  ffe14e36  ffe14e55        20
  _rpdl_CGC_MinimumDivision
                                  ffe14e36        20   func ,g         * 
FILE=utilities_CMT
                                  ffe14e56  ffe14ecf        7a
  _rpdl_CMT_ModifyIEN
                                  ffe14e56        7a   func ,g         * 
FILE=utilities_IO_PORT
                                  ffe14ed0  ffe14f19        4a
  _rpdl_IO_PORT_Port_Exists
                                  ffe14ed0        17   func ,g         * 
  _rpdl_IO_PORT_OpenDrain_Exists
                                  ffe14ee7         4   func ,g         * 
  _rpdl_IO_PORT_PullUp_Exists
                                  ffe14eeb         4   func ,g         * 
  _rpdl_IO_PORT_Drive_Exists
                                  ffe14eef        2b   func ,g         * 
FILE=utilities_SCI
                                  ffe14f1a  ffe15b01       be8
  _rpdl_SCI_SetIdleOutputState
                                  ffe14f1a       1da   func ,g         * 
  _rpdl_SCI_SetTxPinGeneralIO
                                  ffe150f4       205   func ,g         * 
  _rpdl_SCI_ReadRXD
                                  ffe152f9       1dd   func ,g         * 
  _rpdl_SCI_ModifyTx_IER
                                  ffe154d6       117   func ,g         * 
  _rpdl_SCI_ModifyTxEnd_IER
                                  ffe155ed       117   func ,g         * 
  _rpdl_SCI_ModifyRxIER
                                  ffe15704       220   func ,g         * 
  _rpdl_SCI_EnableReception
                                  ffe15924        b4   func ,g         * 
  _rpdl_SCI_EnableTransmission
                                  ffe159d8        78   func ,g         * 
  _rpdl_SCI_Initialise_Smart
                                  ffe15a50        b2   func ,g         * 
FILE=_i_fmdd
                                  ffe15b02  ffe15c8a       189
  __in_fmodd
                                  ffe15b02       189   func ,g         * 
FILE=xfwprep
                                  ffe15c8b  ffe15d22        98
  __Fwprep
                                  ffe15c8b        98   func ,g         * 
FILE=xputfld
                                  ffe15d23  ffe1618d       46b
  __Putfld
                                  ffe15d23       46b   func ,g         * 
FILE=xfopen
                                  ffe1618e  ffe161bd        30
  __Fopen
                                  ffe1618e        30   func ,g         * 
FILE=xvacopy
                                  ffe161be  ffe161c0         3
  __Vacopy
                                  ffe161be         3   func ,g         * 
FILE=xputtxt
                                  ffe161c1  ffe16418       258
  __Puttxt
                                  ffe161c1       258   func ,g         * 
FILE=strchr
                                  ffe16419  ffe1642b        13
  _strchr
                                  ffe16419        13   func ,g         * 
FILE=xctype
                                  ffe1642c  ffe16441        16
  __Getpctype
                                  ffe1642c        16   func ,g         * 
FILE=malloc
                                  ffe16442  ffe1651f        de
  _findmem
                                  ffe16442        7b   func ,l         * 
  _malloc
                                  ffe164bd        63   func ,g         * 
FILE=xldtob
                                  ffe16520  ffe169ab       48c
  __Ldtob
                                  ffe16520       48c   func ,g         * 
FILE=xputstr
                                  ffe169ac  ffe16a89        de
  __Putstr
                                  ffe169ac        de   func ,g         * 
FILE=xlitob
                                  ffe16a8a  ffe16b96       10d
  __Litob
                                  ffe16a8a       10d   func ,g         * 
FILE=__COM_CMPEQd
                                  ffe16b97  ffe16bf1        5b
  __COM_CMPEQd
                                  ffe16b97         0   none ,g         * 
  exception_return1
                                  ffe16bb7         0   none ,l         * 
  exception_return2
                                  ffe16bbb         0   none ,l         * 
  exception_return3
                                  ffe16bbf         0   none ,l         * 
  false
                                  ffe16bc5         0   none ,l         * 
  true
                                  ffe16bca         0   none ,l         * 
  exception1
                                  ffe16bcf         0   none ,l         * 
  exception2
                                  ffe16bd8         0   none ,l         * 
  exception3
                                  ffe16be1         0   none ,l         * 
FILE=xgetmem
                                  ffe16bf2  ffe16c0c        1b
  __Getmem
                                  ffe16bf2        1b   func ,g         * 
FILE=xgenld
                                  ffe16c0d  ffe16ebd       2b1
  __Genld
                                  ffe16c0d       2b1   func ,g         * 
FILE=xwctomb
                                  ffe16ebe  ffe17005       148
  __Wctombx
                                  ffe16ebe       102   func ,g         * 
  __Wctomb
                                  ffe16fc0        46   func ,g         * 
FILE=xstate
                                  ffe17006  ffe17037        32
  __Getmbcurmax
                                  ffe17006        16   func ,g         * 
  __Getpmbstate
                                  ffe1701c        1c   func ,g         * 
FILE=xldscale
                                  ffe17038  ffe1703b         4
  __LDscale
                                  ffe17038         4   func ,g         * 
FILE=xldunsca
                                  ffe1703c  ffe1703f         4
  __LDunscale
                                  ffe1703c         4   func ,g         * 
FILE=__COM_DIV64u
                                  ffe17040  ffe170d8        99
  __COM_DIV64u
                                  ffe17040         0   none ,g         * 
  _Loop_Init
                                  ffe1704a         0   none ,l         * 
  _Loop
                                  ffe17052         0   none ,l         * 
  _DivStart
                                  ffe1705e         0   none ,l         * 
  _Success
                                  ffe1706c         0   none ,l         * 
  _DivEnd
                                  ffe17078         0   none ,l         * 
  IXI6DIV
                                  ffe1707d         0   none ,l         * 
  IXI4DIV
                                  ffe1708f         0   none ,l         * 
  IXI2DIV
                                  ffe1709f         0   none ,l         * 
  I8I2DIV
                                  ffe170a7         0   none ,l         * 
  I4I2DIV
                                  ffe170d5         0   none ,l         * 
  _i8divU_End
                                  ffe170d8         0   none ,l         * 
FILE=__COM_MOD64u
                                  ffe170d9  ffe1715f        87
  __COM_MOD64u
                                  ffe170d9         0   none ,g         * 
  _Loop_Init
                                  ffe170e3         0   none ,l         * 
  _Loop
                                  ffe170e7         0   none ,l         * 
  _DivStart
                                  ffe170f3         0   none ,l         * 
  _Success
                                  ffe17101         0   none ,l         * 
  _DivEnd
                                  ffe17109         0   none ,l         * 
  IXI6DIV
                                  ffe1710a         0   none ,l         * 
  IXI4DIV
                                  ffe1711c         0   none ,l         * 
  IXI2DIV
                                  ffe1712c         0   none ,l         * 
  I8I2DIV
                                  ffe17134         0   none ,l         * 
  I4I2DIV
                                  ffe17154         0   none ,l         * 
FILE=_div
                                  ffe17160  ffe1716b         c
  _ldiv
                                  ffe17160         0   none ,g         * 
  _div
                                  ffe17160         0   none ,g         * 
FILE=localeco
                                  ffe1716c  ffe17172         7
  _localeconv
                                  ffe1716c         7   func ,g         * 
FILE=xwcstate
                                  ffe17173  ffe1718e        1c
  __Getpwcstate
                                  ffe17173        1c   func ,g         * 
FILE=xdscale
                                  ffe1718f  ffe1731e       190
  __Dscale
                                  ffe1718f       190   func ,g         * 
FILE=xdunscal
                                  ffe1731f  ffe17387        69
  __Dunscale
                                  ffe1731f        69   func ,g         * 
FILE=xdnorm
                                  ffe17388  ffe17437        b0
  __Dnorm
                                  ffe17388        b0   func ,g         * 

SECTION=W_1
FILE=utilities_IO_PORT
                                  ffe17438  ffe1745b        24

SECTION=W_2
FILE=DefaultBuild\main.obj
                                  ffe1745c  ffe17531        d6
FILE=DefaultBuild\setup.obj
                                  ffe17532  ffe17569        38
FILE=DefaultBuild\Interrupt_INTC.obj
                                  ffe1756a  ffe1757f        16

SECTION=L
FILE=DefaultBuild\lowsrc.obj
                                  ffe17580  ffe175c1        42
FILE=DefaultBuild\E2dataFlash.obj
                                  ffe175c4  ffe17959       396
FILE=DefaultBuild\control.obj
                                  ffe1795c  ffe17ca7       34c
FILE=DefaultBuild\main.obj
                                  ffe17ca8  ffe17cfb        54
FILE=DefaultBuild\memorrytrace.obj
                                  ffe17cfc  ffe17d53        58
FILE=DefaultBuild\microSD.obj
                                  ffe17d54  ffe17fec       299
FILE=DefaultBuild\setup.obj
                                  ffe17ff0  ffe182e9       2fa
FILE=xprintf
                                  ffe182ec  ffe182f2         7
FILE=xldtob
                                  ffe182f4  ffe18315        22
FILE=xgenld
                                  ffe18318  ffe18319         2
FILE=localeco
                                  ffe1831c  ffe18328         d

SECTION=$ADDR_C_FFFFFF80
FILE=DefaultBuild\Interrupt_INTC.obj
                                  ffffff80  ffffff83         4
  _MDES_register
                                  ffffff80         4   data ,g         * 

SECTION=$ADDR_C_FFFFFFA0
FILE=DefaultBuild\hwsetup.obj
                                  ffffffa0  ffffffaf        10
  _id_code
                                  ffffffa0        10   data ,g         * 

SECTION=FIXEDVECT
FILE=DefaultBuild\Interrupt_INTC.obj
                                  ffffffd0  ffffffff        30
  _Fixed_Vectors
                                  ffffffd0        30   data ,g         * 

*** Unfilled Areas ***

AREA                                START    END

*** Delete Symbols ***

SYMBOL                                SIZE    INFO
